{"runAt":"2026-10-07T07:14:40.452Z","alertId":"bf-01","action":"block","confidence":0.95,"reason":"rapid-login-failures"}
{"runAt":"2026-10-07T07:14:40.453Z","alertId":"bf-02","action":"block","confidence":0.95,"reason":"password-spraying"}
{"runAt":"2026-10-07T07:14:40.453Z","alertId":"bf-03","action":"block","confidence":0.95,"reason":"rapid-login-failures"}
{"runAt":"2026-10-07T07:14:40.454Z","alertId":"bf-04","action":"block","confidence":0.95,"reason":"rapid-login-failures"}
{"runAt":"2026-10-07T07:14:40.454Z","alertId":"bf-05","action":"alert","confidence":0.5,"reason":"ambiguous-failures: Jev unavailable"}
{"runAt":"2026-10-07T07:14:40.455Z","alertId":"bf-06","action":"block","confidence":0.95,"reason":"rapid-login-failures"}
{"runAt":"2026-10-07T07:14:40.455Z","alertId":"bf-07","action":"alert","confidence":0.5,"reason":"ambiguous-failures: Jev unavailable"}
{"runAt":"2026-10-07T07:14:40.456Z","alertId":"bf-08","action":"alert","confidence":0.5,"reason":"ambiguous-failures: Jev unavailable"}
{"runAt":"2026-10-07T07:14:40.456Z","alertId":"bf-09","action":"block","confidence":0.95,"reason":"password-spraying"}
{"runAt":"2026-10-07T07:14:40.456Z","alertId":"bf-10","action":"alert","confidence":0.5,"reason":"ambiguous-failures: Jev unavailable"}
{"runAt":"2026-10-07T07:14:40.457Z","alertId":"bf-11","action":"alert","confidence":0.5,"reason":"ambiguous-failures: Jev unavailable"}
{"runAt":"2026-10-07T07:14:40.457Z","alertId":"bf-12","action":"alert","confidence":0.5,"reason":"ambiguous-failures: Jev unavailable"}
{"runAt":"2026-10-07T07:14:40.457Z","alertId":"bf-13","action":"alert","confidence":0.5,"reason":"ambiguous-failures: Jev unavailable"}
{"runAt":"2026-10-07T07:14:40.458Z","alertId":"bf-14","action":"alert","confidence":0.5,"reason":"ambiguous-failures: Jev unavailable"}
{"runAt":"2026-10-07T07:14:40.458Z","alertId":"bf-15","action":"alert","confidence":0.5,"reason":"ambiguous-failures: Jev unavailable"}
{"runAt":"2026-10-07T07:14:40.459Z","alertId":"bf-16","action":"alert","confidence":0.5,"reason":"ambiguous-failures: Jev unavailable"}
{"runAt":"2026-10-07T07:14:40.459Z","alertId":"bf-17","action":"alert","confidence":0.5,"reason":"ambiguous-failures: Jev unavailable"}
{"runAt":"2026-10-07T07:14:40.459Z","alertId":"bf-18","action":"alert","confidence":0.5,"reason":"ambiguous-failures: Jev unavailable"}
{"runAt":"2026-10-07T07:14:40.459Z","alertId":"bf-19","action":"alert","confidence":0.5,"reason":"ambiguous-failures: Jev unavailable"}
{"runAt":"2026-10-07T07:14:50.897Z","alertId":"bf-01","action":"block","confidence":0.95,"reason":"rapid-login-failures"}
{"runAt":"2026-10-07T07:14:50.898Z","alertId":"bf-02","action":"block","confidence":0.95,"reason":"password-spraying"}
{"runAt":"2026-10-07T07:14:50.898Z","alertId":"bf-03","action":"block","confidence":0.95,"reason":"rapid-login-failures"}
{"runAt":"2026-10-07T07:14:50.899Z","alertId":"bf-04","action":"block","confidence":0.95,"reason":"rapid-login-failures"}
{"runAt":"2026-10-07T07:14:50.899Z","alertId":"bf-05","action":"alert","confidence":0.5,"reason":"ambiguous-failures: Jev unavailable"}
{"runAt":"2026-10-07T07:14:50.900Z","alertId":"bf-06","action":"block","confidence":0.95,"reason":"rapid-login-failures"}
{"runAt":"2026-10-07T07:14:50.900Z","alertId":"bf-07","action":"alert","confidence":0.5,"reason":"ambiguous-failures: Jev unavailable"}
{"runAt":"2026-10-07T07:14:50.900Z","alertId":"bf-08","action":"alert","confidence":0.5,"reason":"ambiguous-failures: Jev unavailable"}
{"runAt":"2026-10-07T07:14:50.901Z","alertId":"bf-09","action":"block","confidence":0.95,"reason":"password-spraying"}
{"runAt":"2026-10-07T07:14:50.901Z","alertId":"bf-10","action":"alert","confidence":0.5,"reason":"ambiguous-failures: Jev unavailable"}
{"runAt":"2026-10-07T07:14:50.902Z","alertId":"bf-11","action":"alert","confidence":0.5,"reason":"ambiguous-failures: Jev unavailable"}
{"runAt":"2026-10-07T07:14:50.902Z","alertId":"bf-12","action":"alert","confidence":0.5,"reason":"ambiguous-failures: Jev unavailable"}
{"runAt":"2026-10-07T07:14:50.902Z","alertId":"bf-13","action":"alert","confidence":0.5,"reason":"ambiguous-failures: Jev unavailable"}
{"runAt":"2026-10-07T07:14:50.903Z","alertId":"bf-14","action":"alert","confidence":0.5,"reason":"ambiguous-failures: Jev unavailable"}
{"runAt":"2026-10-07T07:14:50.903Z","alertId":"bf-15","action":"alert","confidence":0.5,"reason":"ambiguous-failures: Jev unavailable"}
{"runAt":"2026-10-07T07:14:50.904Z","alertId":"bf-16","action":"alert","confidence":0.5,"reason":"ambiguous-failures: Jev unavailable"}
{"runAt":"2026-10-07T07:14:50.904Z","alertId":"bf-17","action":"alert","confidence":0.5,"reason":"ambiguous-failures: Jev unavailable"}
{"runAt":"2026-10-07T07:14:50.904Z","alertId":"bf-18","action":"alert","confidence":0.5,"reason":"ambiguous-failures: Jev unavailable"}
{"runAt":"2026-10-07T07:14:50.905Z","alertId":"bf-19","action":"alert","confidence":0.5,"reason":"ambiguous-failures: Jev unavailable"}
{"runAt":"2026-10-07T07:16:34.827Z","alertId":"bf-01","action":"block","confidence":0.95,"reason":"rapid-login-failures"}
{"runAt":"2026-10-07T07:16:34.828Z","alertId":"bf-02","action":"block","confidence":0.95,"reason":"password-spraying"}
{"runAt":"2026-10-07T07:16:34.829Z","alertId":"bf-03","action":"block","confidence":0.95,"reason":"rapid-login-failures"}
{"runAt":"2026-10-07T07:16:34.829Z","alertId":"bf-04","action":"block","confidence":0.95,"reason":"rapid-login-failures"}
{"runAt":"2026-10-07T07:16:34.830Z","alertId":"bf-05","action":"alert","confidence":0.5,"reason":"ambiguous-failures: Jev unavailable"}
{"runAt":"2026-10-07T07:16:34.830Z","alertId":"bf-06","action":"block","confidence":0.95,"reason":"rapid-login-failures"}
{"runAt":"2026-10-07T07:16:34.831Z","alertId":"bf-07","action":"alert","confidence":0.5,"reason":"ambiguous-failures: Jev unavailable"}
{"runAt":"2026-10-07T07:16:34.831Z","alertId":"bf-08","action":"alert","confidence":0.5,"reason":"ambiguous-failures: Jev unavailable"}
{"runAt":"2026-10-07T07:16:34.832Z","alertId":"bf-09","action":"block","confidence":0.95,"reason":"password-spraying"}
{"runAt":"2026-10-07T07:16:34.832Z","alertId":"bf-10","action":"alert","confidence":0.5,"reason":"ambiguous-failures: Jev unavailable"}
{"runAt":"2026-10-07T07:16:34.832Z","alertId":"bf-11","action":"alert","confidence":0.5,"reason":"ambiguous-failures: Jev unavailable"}
{"runAt":"2026-10-07T07:16:34.833Z","alertId":"bf-12","action":"alert","confidence":0.5,"reason":"ambiguous-failures: Jev unavailable"}
{"runAt":"2026-10-07T07:16:34.833Z","alertId":"bf-13","action":"alert","confidence":0.5,"reason":"ambiguous-failures: Jev unavailable"}
{"runAt":"2026-10-07T07:16:34.833Z","alertId":"bf-14","action":"alert","confidence":0.5,"reason":"ambiguous-failures: Jev unavailable"}
{"runAt":"2026-10-07T07:16:34.834Z","alertId":"bf-15","action":"alert","confidence":0.5,"reason":"ambiguous-failures: Jev unavailable"}
{"runAt":"2026-10-07T07:16:34.834Z","alertId":"bf-16","action":"alert","confidence":0.5,"reason":"ambiguous-failures: Jev unavailable"}
{"runAt":"2026-10-07T07:16:34.834Z","alertId":"bf-17","action":"alert","confidence":0.5,"reason":"ambiguous-failures: Jev unavailable"}
{"runAt":"2026-10-07T07:16:34.835Z","alertId":"bf-18","action":"alert","confidence":0.5,"reason":"ambiguous-failures: Jev unavailable"}
{"runAt":"2026-10-07T07:16:34.835Z","alertId":"bf-19","action":"alert","confidence":0.5,"reason":"ambiguous-failures: Jev unavailable"}
{"runAt":"2026-10-07T07:17:46.445Z","alertId":"bf-01","action":"block","confidence":0.95,"reason":"rapid-login-failures"}
{"runAt":"2026-10-07T07:17:46.446Z","alertId":"bf-02","action":"block","confidence":0.95,"reason":"password-spraying"}
{"runAt":"2026-10-07T07:17:46.447Z","alertId":"bf-03","action":"block","confidence":0.95,"reason":"rapid-login-failures"}
{"runAt":"2026-10-07T07:17:46.447Z","alertId":"bf-04","action":"block","confidence":0.95,"reason":"rapid-login-failures"}
{"runAt":"2026-10-07T07:17:46.448Z","alertId":"bf-05","action":"alert","confidence":0.5,"reason":"ambiguous-failures: Jev unavailable"}
{"runAt":"2026-10-07T07:17:46.448Z","alertId":"bf-06","action":"block","confidence":0.95,"reason":"rapid-login-failures"}
{"runAt":"2026-10-07T07:17:46.449Z","alertId":"bf-07","action":"alert","confidence":0.5,"reason":"ambiguous-failures: Jev unavailable"}
{"runAt":"2026-10-07T07:17:46.449Z","alertId":"bf-08","action":"alert","confidence":0.5,"reason":"ambiguous-failures: Jev unavailable"}
{"runAt":"2026-10-07T07:17:46.449Z","alertId":"bf-09","action":"block","confidence":0.95,"reason":"password-spraying"}
{"runAt":"2026-10-07T07:17:46.450Z","alertId":"bf-10","action":"alert","confidence":0.5,"reason":"ambiguous-failures: Jev unavailable"}
{"runAt":"2026-10-07T07:17:46.450Z","alertId":"bf-11","action":"alert","confidence":0.5,"reason":"ambiguous-failures: Jev unavailable"}
{"runAt":"2026-10-07T07:17:46.451Z","alertId":"bf-12","action":"alert","confidence":0.5,"reason":"ambiguous-failures: Jev unavailable"}
{"runAt":"2026-10-07T07:17:46.451Z","alertId":"bf-13","action":"alert","confidence":0.5,"reason":"ambiguous-failures: Jev unavailable"}
{"runAt":"2026-10-07T07:17:46.451Z","alertId":"bf-14","action":"alert","confidence":0.5,"reason":"ambiguous-failures: Jev unavailable"}
{"runAt":"2026-10-07T07:17:46.452Z","alertId":"bf-15","action":"alert","confidence":0.5,"reason":"ambiguous-failures: Jev unavailable"}
{"runAt":"2026-10-07T07:17:46.452Z","alertId":"bf-16","action":"alert","confidence":0.5,"reason":"ambiguous-failures: Jev unavailable"}
{"runAt":"2026-10-07T07:17:46.453Z","alertId":"bf-17","action":"alert","confidence":0.5,"reason":"ambiguous-failures: Jev unavailable"}
{"runAt":"2026-10-07T07:17:46.453Z","alertId":"bf-18","action":"alert","confidence":0.5,"reason":"ambiguous-failures: Jev unavailable"}
{"runAt":"2026-10-07T07:17:46.453Z","alertId":"bf-19","action":"alert","confidence":0.5,"reason":"ambiguous-failures: Jev unavailable"}
{"runAt":"2026-10-07T07:46:50.848Z","alertId":"bf-01","action":"block","confidence":0.95,"reason":"rapid-login-failures"}
{"runAt":"2026-10-07T07:46:50.853Z","alertId":"bf-02","action":"block","confidence":0.95,"reason":"password-spraying"}
{"runAt":"2026-10-07T07:46:50.853Z","alertId":"bf-03","action":"block","confidence":0.95,"reason":"rapid-login-failures"}
{"runAt":"2026-10-07T07:46:50.854Z","alertId":"bf-04","action":"block","confidence":0.95,"reason":"rapid-login-failures"}
{"runAt":"2026-10-07T07:46:50.856Z","alertId":"bf-06","action":"block","confidence":0.95,"reason":"rapid-login-failures"}
{"runAt":"2026-10-07T07:46:50.858Z","alertId":"bf-09","action":"block","confidence":0.95,"reason":"password-spraying"}
{"runAt":"2026-10-07T08:06:19.649Z","alertId":"bf-01","action":"block","confidence":0.95,"reason":"rapid-login-failures"}
{"runAt":"2026-10-07T08:06:19.651Z","alertId":"bf-02","action":"block","confidence":0.95,"reason":"password-spraying"}
{"runAt":"2026-10-07T08:06:19.652Z","alertId":"bf-03","action":"block","confidence":0.95,"reason":"rapid-login-failures"}
{"runAt":"2026-10-07T08:06:19.653Z","alertId":"bf-04","action":"block","confidence":0.95,"reason":"rapid-login-failures"}
{"runAt":"2026-10-07T08:06:19.653Z","alertId":"bf-06","action":"block","confidence":0.95,"reason":"rapid-login-failures"}
{"runAt":"2026-10-07T08:06:19.655Z","alertId":"bf-09","action":"block","confidence":0.95,"reason":"password-spraying"}
{"runAt":"2026-10-08T00:04:21.113Z","alertId":"bf-01","action":"block","confidence":0.95,"reason":"rapid-login-failures"}
{"runAt":"2026-10-08T00:04:21.115Z","alertId":"bf-02","action":"block","confidence":0.95,"reason":"password-spraying"}
{"runAt":"2026-10-08T00:04:21.115Z","alertId":"bf-03","action":"block","confidence":0.95,"reason":"rapid-login-failures"}
{"runAt":"2026-10-08T00:04:21.116Z","alertId":"bf-04","action":"block","confidence":0.95,"reason":"rapid-login-failures"}
{"runAt":"2026-10-08T00:04:21.117Z","alertId":"bf-06","action":"block","confidence":0.95,"reason":"rapid-login-failures"}
{"runAt":"2026-10-08T00:04:21.118Z","alertId":"bf-09","action":"block","confidence":0.95,"reason":"password-spraying"}
{"runAt":"2026-10-08T00:14:49.698Z","alertId":"bf-01","action":"block","confidence":0.95,"reason":"rapid-login-failures"}
{"runAt":"2026-10-08T00:14:49.699Z","alertId":"bf-02","action":"block","confidence":0.95,"reason":"password-spraying"}
{"runAt":"2026-10-08T00:14:49.699Z","alertId":"bf-03","action":"block","confidence":0.95,"reason":"rapid-login-failures"}
{"runAt":"2026-10-08T00:14:49.699Z","alertId":"bf-04","action":"block","confidence":0.95,"reason":"rapid-login-failures"}
{"runAt":"2026-10-08T00:14:49.700Z","alertId":"bf-05","action":"block","confidence":0.95,"reason":"rapid-login-failures"}
{"runAt":"2026-10-08T00:14:49.700Z","alertId":"bf-06","action":"block","confidence":0.95,"reason":"rapid-login-failures"}
{"runAt":"2026-10-08T00:14:49.701Z","alertId":"bf-07","action":"block","confidence":0.95,"reason":"rapid-login-failures"}
{"runAt":"2026-10-08T00:14:49.701Z","alertId":"bf-08","action":"block","confidence":0.95,"reason":"rapid-login-failures"}
{"runAt":"2026-10-08T00:14:49.701Z","alertId":"bf-09","action":"block","confidence":0.95,"reason":"password-spraying"}
{"runAt":"2026-10-08T00:14:49.702Z","alertId":"bf-10","action":"block","confidence":0.95,"reason":"rapid-login-failures"}
{"runAt":"2026-10-08T00:14:49.702Z","alertId":"bf-13","action":"alert","confidence":0.5,"reason":"ambiguous-failures: unconfigured unavailable"}
{"runAt":"2026-10-08T00:14:49.703Z","alertId":"bf-14","action":"alert","confidence":0.5,"reason":"ambiguous-failures: unconfigured unavailable"}
{"runAt":"2026-10-08T00:14:49.703Z","alertId":"bf-15","action":"alert","confidence":0.5,"reason":"ambiguous-failures: unconfigured unavailable"}
{"runAt":"2026-10-08T00:14:49.704Z","alertId":"bf-16","action":"alert","confidence":0.5,"reason":"ambiguous-failures: unconfigured unavailable"}
{"runAt":"2026-10-08T00:14:49.704Z","alertId":"bf-18","action":"alert","confidence":0.5,"reason":"ambiguous-failures: unconfigured unavailable"}
{"runAt":"2026-10-08T00:14:49.704Z","alertId":"bf-19","action":"alert","confidence":0.5,"reason":"ambiguous-failures: unconfigured unavailable"}
{"runAt":"2026-10-08T00:27:52.683Z","alertId":"bf-01","action":"block","confidence":0.95,"reason":"rapid-login-failures"}
{"runAt":"2026-10-08T00:27:52.684Z","alertId":"bf-02","action":"block","confidence":0.95,"reason":"password-spraying"}
{"runAt":"2026-10-08T00:27:52.684Z","alertId":"bf-03","action":"block","confidence":0.95,"reason":"rapid-login-failures"}
{"runAt":"2026-10-08T00:27:52.684Z","alertId":"bf-04","action":"block","confidence":0.95,"reason":"rapid-login-failures"}
{"runAt":"2026-10-08T00:27:52.685Z","alertId":"bf-05","action":"block","confidence":0.95,"reason":"rapid-login-failures"}
{"runAt":"2026-10-08T00:27:52.685Z","alertId":"bf-06","action":"block","confidence":0.95,"reason":"rapid-login-failures"}
{"runAt":"2026-10-08T00:27:52.686Z","alertId":"bf-07","action":"block","confidence":0.95,"reason":"rapid-login-failures"}
{"runAt":"2026-10-08T00:27:52.686Z","alertId":"bf-08","action":"block","confidence":0.95,"reason":"rapid-login-failures"}
{"runAt":"2026-10-08T00:27:52.686Z","alertId":"bf-09","action":"block","confidence":0.95,"reason":"password-spraying"}
{"runAt":"2026-10-08T00:27:52.687Z","alertId":"bf-10","action":"block","confidence":0.95,"reason":"rapid-login-failures"}
{"runAt":"2026-10-08T00:27:52.687Z","alertId":"bf-13","action":"alert","confidence":0.5,"reason":"ambiguous-failures: local-policy review"}
{"runAt":"2026-10-08T00:27:52.688Z","alertId":"bf-14","action":"alert","confidence":0.525,"reason":"ambiguous-failures: local-policy review"}
{"runAt":"2026-10-08T00:27:52.688Z","alertId":"bf-15","action":"alert","confidence":0.55,"reason":"ambiguous-failures: local-policy review"}
{"runAt":"2026-10-08T00:27:52.689Z","alertId":"bf-16","action":"alert","confidence":0.5,"reason":"ambiguous-failures: local-policy review"}
{"runAt":"2026-10-08T00:27:52.689Z","alertId":"bf-18","action":"alert","confidence":0.575,"reason":"ambiguous-failures: local-policy review"}
{"runAt":"2026-10-08T00:27:52.689Z","alertId":"bf-19","action":"alert","confidence":0.525,"reason":"ambiguous-failures: local-policy review"}
{"runAt":"2026-10-08T00:32:49.994Z","alertId":"bf-01","action":"block","confidence":0.95,"reason":"rapid-login-failures"}
{"runAt":"2026-10-08T00:32:49.994Z","alertId":"bf-02","action":"block","confidence":0.95,"reason":"password-spraying"}
{"runAt":"2026-10-08T00:32:49.995Z","alertId":"bf-03","action":"block","confidence":0.95,"reason":"rapid-login-failures"}
{"runAt":"2026-10-08T00:32:49.995Z","alertId":"bf-04","action":"block","confidence":0.95,"reason":"rapid-login-failures"}
{"runAt":"2026-10-08T00:32:49.996Z","alertId":"bf-05","action":"block","confidence":0.95,"reason":"rapid-login-failures"}
{"runAt":"2026-10-08T00:32:49.996Z","alertId":"bf-06","action":"block","confidence":0.95,"reason":"rapid-login-failures"}
{"runAt":"2026-10-08T00:32:49.997Z","alertId":"bf-07","action":"block","confidence":0.95,"reason":"rapid-login-failures"}
{"runAt":"2026-10-08T00:32:49.997Z","alertId":"bf-08","action":"block","confidence":0.95,"reason":"rapid-login-failures"}
{"runAt":"2026-10-08T00:32:49.997Z","alertId":"bf-09","action":"block","confidence":0.95,"reason":"password-spraying"}
{"runAt":"2026-10-08T00:32:49.998Z","alertId":"bf-10","action":"block","confidence":0.95,"reason":"rapid-login-failures"}
{"runAt":"2026-10-08T00:32:49.998Z","alertId":"bf-13","action":"alert","confidence":0.5,"reason":"ambiguous-failures"}
{"runAt":"2026-10-08T00:32:49.999Z","alertId":"bf-14","action":"alert","confidence":0.525,"reason":"ambiguous-failures"}
{"runAt":"2026-10-08T00:32:49.999Z","alertId":"bf-15","action":"alert","confidence":0.55,"reason":"ambiguous-failures"}
{"runAt":"2026-10-08T00:32:49.999Z","alertId":"bf-16","action":"alert","confidence":0.5,"reason":"ambiguous-failures"}
{"runAt":"2026-10-08T00:32:50.000Z","alertId":"bf-18","action":"alert","confidence":0.575,"reason":"ambiguous-failures"}
{"runAt":"2026-10-08T00:32:50.000Z","alertId":"bf-19","action":"alert","confidence":0.525,"reason":"ambiguous-failures"}
{"runAt":"2026-10-08T00:36:32.926Z","alertId":"bf-01","action":"block","confidence":0.95,"reason":"rapid-login-failures"}
{"runAt":"2026-10-08T00:36:32.926Z","alertId":"bf-02","action":"block","confidence":0.95,"reason":"password-spraying"}
{"runAt":"2026-10-08T00:36:32.927Z","alertId":"bf-03","action":"block","confidence":0.95,"reason":"rapid-login-failures"}
{"runAt":"2026-10-08T00:36:32.927Z","alertId":"bf-04","action":"block","confidence":0.95,"reason":"rapid-login-failures"}
{"runAt":"2026-10-08T00:36:32.928Z","alertId":"bf-05","action":"block","confidence":0.95,"reason":"rapid-login-failures"}
{"runAt":"2026-10-08T00:36:32.928Z","alertId":"bf-06","action":"block","confidence":0.95,"reason":"rapid-login-failures"}
{"runAt":"2026-10-08T00:36:32.928Z","alertId":"bf-07","action":"block","confidence":0.95,"reason":"rapid-login-failures"}
{"runAt":"2026-10-08T00:36:32.929Z","alertId":"bf-08","action":"block","confidence":0.95,"reason":"rapid-login-failures"}
{"runAt":"2026-10-08T00:36:32.929Z","alertId":"bf-09","action":"block","confidence":0.95,"reason":"password-spraying"}
{"runAt":"2026-10-08T00:36:32.930Z","alertId":"bf-10","action":"block","confidence":0.95,"reason":"rapid-login-failures"}
{"runAt":"2026-10-08T00:36:32.930Z","alertId":"bf-13","action":"alert","confidence":0.5,"reason":"ambiguous-failures"}
{"runAt":"2026-10-08T00:36:32.930Z","alertId":"bf-14","action":"alert","confidence":0.525,"reason":"ambiguous-failures"}
{"runAt":"2026-10-08T00:36:32.931Z","alertId":"bf-15","action":"alert","confidence":0.55,"reason":"ambiguous-failures"}
{"runAt":"2026-10-08T00:36:32.931Z","alertId":"bf-16","action":"alert","confidence":0.5,"reason":"ambiguous-failures"}
{"runAt":"2026-10-08T00:36:32.931Z","alertId":"bf-18","action":"alert","confidence":0.575,"reason":"ambiguous-failures"}
{"runAt":"2026-10-08T00:36:32.932Z","alertId":"bf-19","action":"alert","confidence":0.525,"reason":"ambiguous-failures"}
{"runAt":"2026-10-08T00:51:19.618Z","alertId":"bf-01","action":"block","confidence":0.95,"reason":"rapid-login-failures"}
{"runAt":"2026-10-08T00:51:19.619Z","alertId":"bf-02","action":"block","confidence":0.95,"reason":"password-spraying"}
{"runAt":"2026-10-08T00:51:19.619Z","alertId":"bf-03","action":"block","confidence":0.95,"reason":"rapid-login-failures"}
{"runAt":"2026-10-08T00:51:19.620Z","alertId":"bf-04","action":"block","confidence":0.95,"reason":"rapid-login-failures"}
{"runAt":"2026-10-08T00:51:19.620Z","alertId":"bf-05","action":"block","confidence":0.95,"reason":"rapid-login-failures"}
{"runAt":"2026-10-08T00:51:19.621Z","alertId":"bf-06","action":"block","confidence":0.95,"reason":"rapid-login-failures"}
{"runAt":"2026-10-08T00:51:19.621Z","alertId":"bf-07","action":"block","confidence":0.95,"reason":"rapid-login-failures"}
{"runAt":"2026-10-08T00:51:19.622Z","alertId":"bf-08","action":"block","confidence":0.95,"reason":"rapid-login-failures"}
{"runAt":"2026-10-08T00:51:19.622Z","alertId":"bf-09","action":"block","confidence":0.95,"reason":"password-spraying"}
{"runAt":"2026-10-08T00:51:19.623Z","alertId":"bf-10","action":"block","confidence":0.95,"reason":"rapid-login-failures"}
{"runAt":"2026-10-08T00:51:19.623Z","alertId":"bf-13","action":"alert","confidence":0.5,"reason":"ambiguous-failures"}
{"runAt":"2026-10-08T00:51:19.624Z","alertId":"bf-14","action":"alert","confidence":0.5,"reason":"ambiguous-failures"}
{"runAt":"2026-10-08T00:51:19.624Z","alertId":"bf-15","action":"alert","confidence":0.5,"reason":"ambiguous-failures"}
{"runAt":"2026-10-08T00:51:19.624Z","alertId":"bf-16","action":"alert","confidence":0.5,"reason":"ambiguous-failures"}
{"runAt":"2026-10-08T00:51:19.625Z","alertId":"bf-18","action":"alert","confidence":0.5,"reason":"ambiguous-failures"}
{"runAt":"2026-10-08T00:51:19.625Z","alertId":"bf-19","action":"alert","confidence":0.5,"reason":"ambiguous-failures"}
{"runAt":"2026-10-08T00:52:28.213Z","alertId":"bf-01","action":"block","confidence":0.95,"reason":"rapid-login-failures"}
{"runAt":"2026-10-08T00:52:28.214Z","alertId":"bf-02","action":"block","confidence":0.95,"reason":"password-spraying"}
{"runAt":"2026-10-08T00:52:28.214Z","alertId":"bf-03","action":"block","confidence":0.95,"reason":"rapid-login-failures"}
{"runAt":"2026-10-08T00:52:28.215Z","alertId":"bf-04","action":"block","confidence":0.95,"reason":"rapid-login-failures"}
{"runAt":"2026-10-08T00:52:28.215Z","alertId":"bf-05","action":"block","confidence":0.95,"reason":"rapid-login-failures"}
{"runAt":"2026-10-08T00:52:28.216Z","alertId":"bf-06","action":"block","confidence":0.95,"reason":"rapid-login-failures"}
{"runAt":"2026-10-08T00:52:28.216Z","alertId":"bf-07","action":"block","confidence":0.95,"reason":"rapid-login-failures"}
{"runAt":"2026-10-08T00:52:28.216Z","alertId":"bf-08","action":"block","confidence":0.95,"reason":"rapid-login-failures"}
{"runAt":"2026-10-08T00:52:28.217Z","alertId":"bf-09","action":"block","confidence":0.95,"reason":"password-spraying"}
{"runAt":"2026-10-08T00:52:28.217Z","alertId":"bf-10","action":"block","confidence":0.95,"reason":"rapid-login-failures"}
{"runAt":"2026-10-08T00:52:28.218Z","alertId":"bf-13","action":"alert","confidence":0.5,"reason":"ambiguous-failures"}
{"runAt":"2026-10-08T00:52:28.218Z","alertId":"bf-14","action":"alert","confidence":0.5,"reason":"ambiguous-failures"}
{"runAt":"2026-10-08T00:52:28.218Z","alertId":"bf-15","action":"alert","confidence":0.5,"reason":"ambiguous-failures"}
{"runAt":"2026-10-08T00:52:28.219Z","alertId":"bf-16","action":"alert","confidence":0.5,"reason":"ambiguous-failures"}
{"runAt":"2026-10-08T00:52:28.219Z","alertId":"bf-18","action":"alert","confidence":0.5,"reason":"ambiguous-failures"}
{"runAt":"2026-10-08T00:52:28.220Z","alertId":"bf-19","action":"alert","confidence":0.5,"reason":"ambiguous-failures"}
{"runAt":"2026-10-08T00:54:02.825Z","alertId":"bf-01","action":"block","confidence":0.95,"reason":"rapid-login-failures"}
{"runAt":"2026-10-08T00:54:02.826Z","alertId":"bf-02","action":"block","confidence":0.95,"reason":"password-spraying"}
{"runAt":"2026-10-08T00:54:02.826Z","alertId":"bf-03","action":"block","confidence":0.95,"reason":"rapid-login-failures"}
{"runAt":"2026-10-08T00:54:02.827Z","alertId":"bf-04","action":"block","confidence":0.95,"reason":"rapid-login-failures"}
{"runAt":"2026-10-08T00:54:02.827Z","alertId":"bf-05","action":"block","confidence":0.95,"reason":"rapid-login-failures"}
{"runAt":"2026-10-08T00:54:02.827Z","alertId":"bf-06","action":"block","confidence":0.95,"reason":"rapid-login-failures"}
{"runAt":"2026-10-08T00:54:02.828Z","alertId":"bf-07","action":"block","confidence":0.95,"reason":"rapid-login-failures"}
{"runAt":"2026-10-08T00:54:02.828Z","alertId":"bf-08","action":"block","confidence":0.95,"reason":"rapid-login-failures"}
{"runAt":"2026-10-08T00:54:02.829Z","alertId":"bf-09","action":"block","confidence":0.95,"reason":"password-spraying"}
{"runAt":"2026-10-08T00:54:02.829Z","alertId":"bf-10","action":"block","confidence":0.95,"reason":"rapid-login-failures"}
{"runAt":"2026-10-08T00:54:02.829Z","alertId":"bf-13","action":"alert","confidence":0.5,"reason":"ambiguous-failures"}
{"runAt":"2026-10-08T00:54:02.830Z","alertId":"bf-14","action":"alert","confidence":0.5,"reason":"ambiguous-failures"}
{"runAt":"2026-10-08T00:54:02.830Z","alertId":"bf-15","action":"alert","confidence":0.5,"reason":"ambiguous-failures"}
{"runAt":"2026-10-08T00:54:02.830Z","alertId":"bf-16","action":"alert","confidence":0.5,"reason":"ambiguous-failures"}
{"runAt":"2026-10-08T00:54:02.831Z","alertId":"bf-18","action":"alert","confidence":0.5,"reason":"ambiguous-failures"}
{"runAt":"2026-10-08T00:54:02.831Z","alertId":"bf-19","action":"alert","confidence":0.5,"reason":"ambiguous-failures"}
{"runAt":"2026-10-08T00:54:32.692Z","alertId":"bf-01","action":"block","confidence":0.95,"reason":"rapid-login-failures"}
{"runAt":"2026-10-08T00:54:32.693Z","alertId":"bf-02","action":"block","confidence":0.95,"reason":"password-spraying"}
{"runAt":"2026-10-08T00:54:32.693Z","alertId":"bf-03","action":"block","confidence":0.95,"reason":"rapid-login-failures"}
{"runAt":"2026-10-08T00:54:32.694Z","alertId":"bf-04","action":"block","confidence":0.95,"reason":"rapid-login-failures"}
{"runAt":"2026-10-08T00:54:32.694Z","alertId":"bf-05","action":"block","confidence":0.95,"reason":"rapid-login-failures"}
{"runAt":"2026-10-08T00:54:32.694Z","alertId":"bf-06","action":"block","confidence":0.95,"reason":"rapid-login-failures"}
{"runAt":"2026-10-08T00:54:32.695Z","alertId":"bf-07","action":"block","confidence":0.95,"reason":"rapid-login-failures"}
{"runAt":"2026-10-08T00:54:32.695Z","alertId":"bf-08","action":"block","confidence":0.95,"reason":"rapid-login-failures"}
{"runAt":"2026-10-08T00:54:32.696Z","alertId":"bf-09","action":"block","confidence":0.95,"reason":"password-spraying"}
{"runAt":"2026-10-08T00:54:32.696Z","alertId":"bf-10","action":"block","confidence":0.95,"reason":"rapid-login-failures"}
{"runAt":"2026-10-08T00:54:32.696Z","alertId":"bf-13","action":"alert","confidence":0.5,"reason":"ambiguous-failures"}
{"runAt":"2026-10-08T00:54:32.697Z","alertId":"bf-14","action":"alert","confidence":0.5,"reason":"ambiguous-failures"}
{"runAt":"2026-10-08T00:54:32.697Z","alertId":"bf-15","action":"alert","confidence":0.5,"reason":"ambiguous-failures"}
{"runAt":"2026-10-08T00:54:32.697Z","alertId":"bf-16","action":"alert","confidence":0.5,"reason":"ambiguous-failures"}
{"runAt":"2026-10-08T00:54:32.698Z","alertId":"bf-18","action":"alert","confidence":0.5,"reason":"ambiguous-failures"}
{"runAt":"2026-10-08T00:54:32.698Z","alertId":"bf-19","action":"alert","confidence":0.5,"reason":"ambiguous-failures"}
{"runAt":"2026-10-08T01:06:59.108Z","alertId":"bf-01","action":"block","confidence":0.95,"reason":"rapid-login-failures"}
{"runAt":"2026-10-08T01:06:59.109Z","alertId":"bf-02","action":"block","confidence":0.95,"reason":"password-spraying"}
{"runAt":"2026-10-08T01:06:59.109Z","alertId":"bf-03","action":"block","confidence":0.95,"reason":"rapid-login-failures"}
{"runAt":"2026-10-08T01:06:59.109Z","alertId":"bf-04","action":"block","confidence":0.95,"reason":"rapid-login-failures"}
{"runAt":"2026-10-08T01:06:59.110Z","alertId":"bf-05","action":"block","confidence":0.95,"reason":"rapid-login-failures"}
{"runAt":"2026-10-08T01:06:59.110Z","alertId":"bf-06","action":"block","confidence":0.95,"reason":"rapid-login-failures"}
{"runAt":"2026-10-08T01:06:59.111Z","alertId":"bf-07","action":"block","confidence":0.95,"reason":"rapid-login-failures"}
{"runAt":"2026-10-08T01:06:59.111Z","alertId":"bf-08","action":"block","confidence":0.95,"reason":"rapid-login-failures"}
{"runAt":"2026-10-08T01:06:59.111Z","alertId":"bf-09","action":"block","confidence":0.95,"reason":"password-spraying"}
{"runAt":"2026-10-08T01:06:59.112Z","alertId":"bf-10","action":"block","confidence":0.95,"reason":"rapid-login-failures"}
{"runAt":"2026-10-08T01:06:59.112Z","alertId":"bf-13","action":"alert","confidence":0.5,"reason":"ambiguous-failures"}
{"runAt":"2026-10-08T01:06:59.112Z","alertId":"bf-14","action":"alert","confidence":0.5,"reason":"ambiguous-failures"}
{"runAt":"2026-10-08T01:06:59.113Z","alertId":"bf-15","action":"alert","confidence":0.5,"reason":"ambiguous-failures"}
{"runAt":"2026-10-08T01:06:59.113Z","alertId":"bf-16","action":"alert","confidence":0.5,"reason":"ambiguous-failures"}
{"runAt":"2026-10-08T01:06:59.114Z","alertId":"bf-18","action":"alert","confidence":0.5,"reason":"ambiguous-failures"}
{"runAt":"2026-10-08T01:06:59.114Z","alertId":"bf-19","action":"alert","confidence":0.5,"reason":"ambiguous-failures"}
{"runAt":"2026-10-08T01:08:09.738Z","alertId":"bf-01","action":"block","confidence":0.95,"reason":"rapid-login-failures"}
{"runAt":"2026-10-08T01:08:09.739Z","alertId":"bf-02","action":"block","confidence":0.95,"reason":"password-spraying"}
{"runAt":"2026-10-08T01:08:09.740Z","alertId":"bf-03","action":"block","confidence":0.95,"reason":"rapid-login-failures"}
{"runAt":"2026-10-08T01:08:09.741Z","alertId":"bf-04","action":"block","confidence":0.95,"reason":"rapid-login-failures"}
{"runAt":"2026-10-08T01:08:09.742Z","alertId":"bf-05","action":"block","confidence":0.95,"reason":"rapid-login-failures"}
{"runAt":"2026-10-08T01:08:09.742Z","alertId":"bf-06","action":"block","confidence":0.95,"reason":"rapid-login-failures"}
{"runAt":"2026-10-08T01:08:09.743Z","alertId":"bf-07","action":"block","confidence":0.95,"reason":"rapid-login-failures"}
{"runAt":"2026-10-08T01:08:09.743Z","alertId":"bf-08","action":"block","confidence":0.95,"reason":"rapid-login-failures"}
{"runAt":"2026-10-08T01:08:09.744Z","alertId":"bf-09","action":"block","confidence":0.95,"reason":"password-spraying"}
{"runAt":"2026-10-08T01:08:09.744Z","alertId":"bf-10","action":"block","confidence":0.95,"reason":"rapid-login-failures"}
{"runAt":"2026-10-08T01:08:09.744Z","alertId":"bf-13","action":"alert","confidence":0.5,"reason":"ambiguous-failures"}
{"runAt":"2026-10-08T01:08:09.745Z","alertId":"bf-14","action":"alert","confidence":0.5,"reason":"ambiguous-failures"}
{"runAt":"2026-10-08T01:08:09.745Z","alertId":"bf-15","action":"alert","confidence":0.5,"reason":"ambiguous-failures"}
{"runAt":"2026-10-08T01:08:09.745Z","alertId":"bf-16","action":"alert","confidence":0.5,"reason":"ambiguous-failures"}
{"runAt":"2026-10-08T01:08:09.746Z","alertId":"bf-18","action":"alert","confidence":0.5,"reason":"ambiguous-failures"}
{"runAt":"2026-10-08T01:08:09.746Z","alertId":"bf-19","action":"alert","confidence":0.5,"reason":"ambiguous-failures"}
{"runAt":"2026-10-08T01:09:31.752Z","alertId":"bf-01","action":"block","confidence":0.95,"reason":"rapid-login-failures"}
{"runAt":"2026-10-08T01:09:31.754Z","alertId":"bf-02","action":"block","confidence":0.95,"reason":"password-spraying"}
{"runAt":"2026-10-08T01:09:31.756Z","alertId":"bf-03","action":"block","confidence":0.95,"reason":"rapid-login-failures"}
{"runAt":"2026-10-08T01:09:31.756Z","alertId":"bf-04","action":"block","confidence":0.95,"reason":"rapid-login-failures"}
{"runAt":"2026-10-08T01:09:31.757Z","alertId":"bf-05","action":"block","confidence":0.95,"reason":"rapid-login-failures"}
{"runAt":"2026-10-08T01:09:31.758Z","alertId":"bf-06","action":"block","confidence":0.95,"reason":"rapid-login-failures"}
{"runAt":"2026-10-08T01:09:31.758Z","alertId":"bf-07","action":"block","confidence":0.95,"reason":"rapid-login-failures"}
{"runAt":"2026-10-08T01:09:31.759Z","alertId":"bf-08","action":"block","confidence":0.95,"reason":"rapid-login-failures"}
{"runAt":"2026-10-08T01:09:31.759Z","alertId":"bf-09","action":"block","confidence":0.95,"reason":"password-spraying"}
{"runAt":"2026-10-08T01:09:31.760Z","alertId":"bf-10","action":"block","confidence":0.95,"reason":"rapid-login-failures"}
{"runAt":"2026-10-08T01:09:31.760Z","alertId":"bf-13","action":"alert","confidence":0.5,"reason":"ambiguous-failures"}
{"runAt":"2026-10-08T01:09:31.761Z","alertId":"bf-14","action":"alert","confidence":0.5,"reason":"ambiguous-failures"}
{"runAt":"2026-10-08T01:09:31.761Z","alertId":"bf-15","action":"alert","confidence":0.5,"reason":"ambiguous-failures"}
{"runAt":"2026-10-08T01:09:31.762Z","alertId":"bf-16","action":"alert","confidence":0.5,"reason":"ambiguous-failures"}
{"runAt":"2026-10-08T01:09:31.762Z","alertId":"bf-18","action":"alert","confidence":0.5,"reason":"ambiguous-failures"}
{"runAt":"2026-10-08T01:09:31.763Z","alertId":"bf-19","action":"alert","confidence":0.5,"reason":"ambiguous-failures"}
{"runAt":"2026-10-08T01:15:28.615Z","alertId":"bf-01","action":"block","confidence":0.95,"reason":"rapid-login-failures"}
{"runAt":"2026-10-08T01:15:28.616Z","alertId":"bf-02","action":"block","confidence":0.95,"reason":"password-spraying"}
{"runAt":"2026-10-08T01:15:28.616Z","alertId":"bf-03","action":"block","confidence":0.95,"reason":"rapid-login-failures"}
{"runAt":"2026-10-08T01:15:28.617Z","alertId":"bf-04","action":"block","confidence":0.95,"reason":"rapid-login-failures"}
{"runAt":"2026-10-08T01:15:28.617Z","alertId":"bf-05","action":"block","confidence":0.95,"reason":"rapid-login-failures"}
{"runAt":"2026-10-08T01:15:28.618Z","alertId":"bf-06","action":"block","confidence":0.95,"reason":"rapid-login-failures"}
{"runAt":"2026-10-08T01:15:28.618Z","alertId":"bf-07","action":"block","confidence":0.95,"reason":"rapid-login-failures"}
{"runAt":"2026-10-08T01:15:28.618Z","alertId":"bf-08","action":"block","confidence":0.95,"reason":"rapid-login-failures"}
{"runAt":"2026-10-08T01:15:28.619Z","alertId":"bf-09","action":"block","confidence":0.95,"reason":"password-spraying"}
{"runAt":"2026-10-08T01:15:28.619Z","alertId":"bf-10","action":"block","confidence":0.95,"reason":"rapid-login-failures"}
{"runAt":"2026-10-08T01:15:28.620Z","alertId":"bf-13","action":"block","confidence":0.85,"reason":"rapid-login-failures"}
{"runAt":"2026-10-08T01:15:28.620Z","alertId":"bf-14","action":"block","confidence":0.85,"reason":"rapid-login-failures"}
{"runAt":"2026-10-08T01:15:28.620Z","alertId":"bf-15","action":"block","confidence":0.85,"reason":"rapid-login-failures"}
{"runAt":"2026-10-08T01:15:28.621Z","alertId":"bf-16","action":"block","confidence":0.85,"reason":"rapid-login-failures"}
{"runAt":"2026-10-08T01:15:28.621Z","alertId":"bf-18","action":"block","confidence":0.85,"reason":"rapid-login-failures"}
{"runAt":"2026-10-08T01:15:28.621Z","alertId":"bf-19","action":"block","confidence":0.85,"reason":"rapid-login-failures"}
{"runAt":"2026-10-08T01:16:23.881Z","alertId":"bf-01","action":"block","confidence":0.95,"reason":"rapid-login-failures"}
{"runAt":"2026-10-08T01:16:23.882Z","alertId":"bf-02","action":"block","confidence":0.95,"reason":"password-spraying"}
{"runAt":"2026-10-08T01:16:23.883Z","alertId":"bf-03","action":"block","confidence":0.95,"reason":"rapid-login-failures"}
{"runAt":"2026-10-08T01:16:23.883Z","alertId":"bf-04","action":"block","confidence":0.95,"reason":"rapid-login-failures"}
{"runAt":"2026-10-08T01:16:23.884Z","alertId":"bf-05","action":"block","confidence":0.95,"reason":"rapid-login-failures"}
{"runAt":"2026-10-08T01:16:23.884Z","alertId":"bf-06","action":"block","confidence":0.95,"reason":"rapid-login-failures"}
{"runAt":"2026-10-08T01:16:23.884Z","alertId":"bf-07","action":"block","confidence":0.95,"reason":"rapid-login-failures"}
{"runAt":"2026-10-08T01:16:23.885Z","alertId":"bf-08","action":"block","confidence":0.95,"reason":"rapid-login-failures"}
{"runAt":"2026-10-08T01:16:23.885Z","alertId":"bf-09","action":"block","confidence":0.95,"reason":"password-spraying"}
{"runAt":"2026-10-08T01:16:23.886Z","alertId":"bf-10","action":"block","confidence":0.95,"reason":"rapid-login-failures"}
{"runAt":"2026-10-08T01:16:23.886Z","alertId":"bf-13","action":"block","confidence":0.85,"reason":"rapid-login-failures"}
{"runAt":"2026-10-08T01:16:23.886Z","alertId":"bf-14","action":"block","confidence":0.85,"reason":"rapid-login-failures"}
{"runAt":"2026-10-08T01:16:23.887Z","alertId":"bf-15","action":"block","confidence":0.85,"reason":"rapid-login-failures"}
{"runAt":"2026-10-08T01:16:23.887Z","alertId":"bf-16","action":"block","confidence":0.85,"reason":"rapid-login-failures"}
{"runAt":"2026-10-08T01:16:23.888Z","alertId":"bf-18","action":"block","confidence":0.85,"reason":"rapid-login-failures"}
{"runAt":"2026-10-08T01:16:23.888Z","alertId":"bf-19","action":"block","confidence":0.85,"reason":"rapid-login-failures"}
{"runAt":"2026-10-08T01:22:58.388Z","alertId":"bf-01","action":"block","confidence":0.95,"reason":"rapid-login-failures"}
{"runAt":"2026-10-08T01:22:58.389Z","alertId":"bf-02","action":"block","confidence":0.95,"reason":"password-spraying"}
{"runAt":"2026-10-08T01:22:58.389Z","alertId":"bf-03","action":"block","confidence":0.95,"reason":"rapid-login-failures"}
{"runAt":"2026-10-08T01:22:58.390Z","alertId":"bf-04","action":"block","confidence":0.95,"reason":"rapid-login-failures"}
{"runAt":"2026-10-08T01:22:58.390Z","alertId":"bf-05","action":"block","confidence":0.95,"reason":"rapid-login-failures"}
{"runAt":"2026-10-08T01:22:58.390Z","alertId":"bf-06","action":"block","confidence":0.95,"reason":"rapid-login-failures"}
{"runAt":"2026-10-08T01:22:58.391Z","alertId":"bf-07","action":"block","confidence":0.95,"reason":"rapid-login-failures"}
{"runAt":"2026-10-08T01:22:58.391Z","alertId":"bf-08","action":"block","confidence":0.95,"reason":"rapid-login-failures"}
{"runAt":"2026-10-08T01:22:58.392Z","alertId":"bf-09","action":"block","confidence":0.95,"reason":"password-spraying"}
{"runAt":"2026-10-08T01:22:58.392Z","alertId":"bf-10","action":"block","confidence":0.95,"reason":"rapid-login-failures"}
{"runAt":"2026-10-08T01:22:58.392Z","alertId":"bf-13","action":"block","confidence":0.85,"reason":"rapid-login-failures"}
{"runAt":"2026-10-08T01:22:58.393Z","alertId":"bf-14","action":"block","confidence":0.85,"reason":"rapid-login-failures"}
{"runAt":"2026-10-08T01:22:58.394Z","alertId":"bf-15","action":"block","confidence":0.85,"reason":"rapid-login-failures"}
{"runAt":"2026-10-08T01:22:58.394Z","alertId":"bf-16","action":"block","confidence":0.85,"reason":"rapid-login-failures"}
{"runAt":"2026-10-08T01:22:58.394Z","alertId":"bf-18","action":"block","confidence":0.85,"reason":"rapid-login-failures"}
{"runAt":"2026-10-08T01:22:58.395Z","alertId":"bf-19","action":"block","confidence":0.85,"reason":"rapid-login-failures"}
{"runAt":"2026-10-08T01:26:54.732Z","alertId":"bf-01","action":"block","confidence":0.95,"reason":"rapid-login-failures"}
{"runAt":"2026-10-08T01:26:54.733Z","alertId":"bf-02","action":"block","confidence":0.95,"reason":"password-spraying"}
{"runAt":"2026-10-08T01:26:54.733Z","alertId":"bf-03","action":"block","confidence":0.95,"reason":"rapid-login-failures"}
{"runAt":"2026-10-08T01:26:54.734Z","alertId":"bf-04","action":"block","confidence":0.95,"reason":"rapid-login-failures"}
{"runAt":"2026-10-08T01:26:54.734Z","alertId":"bf-05","action":"block","confidence":0.95,"reason":"rapid-login-failures"}
{"runAt":"2026-10-08T01:26:54.734Z","alertId":"bf-06","action":"block","confidence":0.95,"reason":"rapid-login-failures"}
{"runAt":"2026-10-08T01:26:54.735Z","alertId":"bf-07","action":"block","confidence":0.95,"reason":"rapid-login-failures"}
{"runAt":"2026-10-08T01:26:54.735Z","alertId":"bf-08","action":"block","confidence":0.95,"reason":"rapid-login-failures"}
{"runAt":"2026-10-08T01:26:54.735Z","alertId":"bf-09","action":"block","confidence":0.95,"reason":"password-spraying"}
{"runAt":"2026-10-08T01:26:54.736Z","alertId":"bf-10","action":"block","confidence":0.95,"reason":"rapid-login-failures"}
{"runAt":"2026-10-08T01:26:54.736Z","alertId":"bf-13","action":"block","confidence":0.85,"reason":"rapid-login-failures"}
{"runAt":"2026-10-08T01:26:54.737Z","alertId":"bf-14","action":"block","confidence":0.85,"reason":"rapid-login-failures"}
{"runAt":"2026-10-08T01:26:54.737Z","alertId":"bf-15","action":"block","confidence":0.85,"reason":"rapid-login-failures"}
{"runAt":"2026-10-08T01:26:54.737Z","alertId":"bf-16","action":"block","confidence":0.85,"reason":"rapid-login-failures"}
{"runAt":"2026-10-08T01:26:54.738Z","alertId":"bf-18","action":"block","confidence":0.85,"reason":"rapid-login-failures"}
{"runAt":"2026-10-08T01:26:54.738Z","alertId":"bf-19","action":"block","confidence":0.85,"reason":"rapid-login-failures"}
{"runAt":"2026-10-08T01:32:45.812Z","alertId":"bf-01","action":"block","confidence":0.95,"reason":"rapid-login-failures"}
{"runAt":"2026-10-08T01:32:45.813Z","alertId":"bf-02","action":"block","confidence":0.95,"reason":"password-spraying"}
{"runAt":"2026-10-08T01:32:45.813Z","alertId":"bf-03","action":"block","confidence":0.95,"reason":"rapid-login-failures"}
{"runAt":"2026-10-08T01:32:45.814Z","alertId":"bf-04","action":"block","confidence":0.95,"reason":"rapid-login-failures"}
{"runAt":"2026-10-08T01:32:45.814Z","alertId":"bf-05","action":"block","confidence":0.95,"reason":"rapid-login-failures"}
{"runAt":"2026-10-08T01:32:45.815Z","alertId":"bf-06","action":"block","confidence":0.95,"reason":"rapid-login-failures"}
{"runAt":"2026-10-08T01:32:45.815Z","alertId":"bf-07","action":"block","confidence":0.95,"reason":"rapid-login-failures"}
{"runAt":"2026-10-08T01:32:45.815Z","alertId":"bf-08","action":"block","confidence":0.95,"reason":"rapid-login-failures"}
{"runAt":"2026-10-08T01:32:45.816Z","alertId":"bf-09","action":"block","confidence":0.95,"reason":"password-spraying"}
{"runAt":"2026-10-08T01:32:45.816Z","alertId":"bf-10","action":"block","confidence":0.95,"reason":"rapid-login-failures"}
{"runAt":"2026-10-08T01:32:45.817Z","alertId":"bf-13","action":"block","confidence":0.85,"reason":"rapid-login-failures"}
{"runAt":"2026-10-08T01:32:45.817Z","alertId":"bf-14","action":"block","confidence":0.85,"reason":"rapid-login-failures"}
{"runAt":"2026-10-08T01:32:45.817Z","alertId":"bf-15","action":"block","confidence":0.85,"reason":"rapid-login-failures"}
{"runAt":"2026-10-08T01:32:45.818Z","alertId":"bf-16","action":"block","confidence":0.85,"reason":"rapid-login-failures"}
{"runAt":"2026-10-08T01:32:45.818Z","alertId":"bf-18","action":"block","confidence":0.85,"reason":"rapid-login-failures"}
{"runAt":"2026-10-08T01:32:45.818Z","alertId":"bf-19","action":"block","confidence":0.85,"reason":"rapid-login-failures"}
{"runAt":"2026-10-08T01:36:17.860Z","alertId":"bf-01","action":"block","confidence":0.95,"reason":"rapid-login-failures"}
{"runAt":"2026-10-08T01:36:17.861Z","alertId":"bf-02","action":"block","confidence":0.95,"reason":"password-spraying"}
{"runAt":"2026-10-08T01:36:17.861Z","alertId":"bf-03","action":"block","confidence":0.95,"reason":"rapid-login-failures"}
{"runAt":"2026-10-08T01:36:17.862Z","alertId":"bf-04","action":"block","confidence":0.95,"reason":"rapid-login-failures"}
{"runAt":"2026-10-08T01:36:17.862Z","alertId":"bf-05","action":"block","confidence":0.95,"reason":"rapid-login-failures"}
{"runAt":"2026-10-08T01:36:17.862Z","alertId":"bf-06","action":"block","confidence":0.95,"reason":"rapid-login-failures"}
{"runAt":"2026-10-08T01:36:17.863Z","alertId":"bf-07","action":"block","confidence":0.95,"reason":"rapid-login-failures"}
{"runAt":"2026-10-08T01:36:17.863Z","alertId":"bf-08","action":"block","confidence":0.95,"reason":"rapid-login-failures"}
{"runAt":"2026-10-08T01:36:17.864Z","alertId":"bf-09","action":"block","confidence":0.95,"reason":"password-spraying"}
{"runAt":"2026-10-08T01:36:17.864Z","alertId":"bf-10","action":"block","confidence":0.95,"reason":"rapid-login-failures"}
{"runAt":"2026-10-08T01:36:17.864Z","alertId":"bf-13","action":"block","confidence":0.85,"reason":"rapid-login-failures"}
{"runAt":"2026-10-08T01:36:17.865Z","alertId":"bf-14","action":"block","confidence":0.85,"reason":"rapid-login-failures"}
{"runAt":"2026-10-08T01:36:17.865Z","alertId":"bf-15","action":"block","confidence":0.85,"reason":"rapid-login-failures"}
{"runAt":"2026-10-08T01:36:17.865Z","alertId":"bf-16","action":"block","confidence":0.85,"reason":"rapid-login-failures"}
{"runAt":"2026-10-08T01:36:17.866Z","alertId":"bf-18","action":"block","confidence":0.85,"reason":"rapid-login-failures"}
{"runAt":"2026-10-08T01:36:17.866Z","alertId":"bf-19","action":"block","confidence":0.85,"reason":"rapid-login-failures"}
{"runAt":"2026-10-08T01:45:59.446Z","alertId":"bf-01","action":"block","confidence":0.95,"reason":"rapid-login-failures"}
{"runAt":"2026-10-08T01:45:59.446Z","alertId":"bf-02","action":"block","confidence":0.95,"reason":"password-spraying"}
{"runAt":"2026-10-08T01:45:59.447Z","alertId":"bf-03","action":"block","confidence":0.95,"reason":"rapid-login-failures"}
{"runAt":"2026-10-08T01:45:59.447Z","alertId":"bf-04","action":"block","confidence":0.95,"reason":"rapid-login-failures"}
{"runAt":"2026-10-08T01:45:59.448Z","alertId":"bf-05","action":"block","confidence":0.95,"reason":"rapid-login-failures"}
{"runAt":"2026-10-08T01:45:59.448Z","alertId":"bf-06","action":"block","confidence":0.95,"reason":"rapid-login-failures"}
{"runAt":"2026-10-08T01:45:59.448Z","alertId":"bf-07","action":"block","confidence":0.95,"reason":"rapid-login-failures"}
{"runAt":"2026-10-08T01:45:59.449Z","alertId":"bf-08","action":"block","confidence":0.95,"reason":"rapid-login-failures"}
{"runAt":"2026-10-08T01:45:59.449Z","alertId":"bf-09","action":"block","confidence":0.95,"reason":"password-spraying"}
{"runAt":"2026-10-08T01:45:59.450Z","alertId":"bf-10","action":"block","confidence":0.95,"reason":"rapid-login-failures"}
{"runAt":"2026-10-08T01:45:59.450Z","alertId":"bf-13","action":"block","confidence":0.85,"reason":"rapid-login-failures"}
{"runAt":"2026-10-08T01:45:59.450Z","alertId":"bf-14","action":"block","confidence":0.85,"reason":"rapid-login-failures"}
{"runAt":"2026-10-08T01:45:59.451Z","alertId":"bf-15","action":"block","confidence":0.85,"reason":"rapid-login-failures"}
{"runAt":"2026-10-08T01:45:59.451Z","alertId":"bf-16","action":"block","confidence":0.85,"reason":"rapid-login-failures"}
{"runAt":"2026-10-08T01:45:59.451Z","alertId":"bf-18","action":"block","confidence":0.85,"reason":"rapid-login-failures"}
{"runAt":"2026-10-08T01:45:59.452Z","alertId":"bf-19","action":"block","confidence":0.85,"reason":"rapid-login-failures"}
{"runAt":"2026-10-08T01:51:36.720Z","alertId":"bf-01","action":"block","confidence":0.95,"reason":"rapid-login-failures"}
{"runAt":"2026-10-08T01:51:36.720Z","alertId":"bf-02","action":"block","confidence":0.95,"reason":"password-spraying"}
{"runAt":"2026-10-08T01:51:36.721Z","alertId":"bf-03","action":"block","confidence":0.95,"reason":"rapid-login-failures"}
{"runAt":"2026-10-08T01:51:36.721Z","alertId":"bf-04","action":"block","confidence":0.95,"reason":"rapid-login-failures"}
{"runAt":"2026-10-08T01:51:36.722Z","alertId":"bf-05","action":"block","confidence":0.95,"reason":"rapid-login-failures"}
{"runAt":"2026-10-08T01:51:36.722Z","alertId":"bf-06","action":"block","confidence":0.95,"reason":"rapid-login-failures"}
{"runAt":"2026-10-08T01:51:36.722Z","alertId":"bf-07","action":"block","confidence":0.95,"reason":"rapid-login-failures"}
{"runAt":"2026-10-08T01:51:36.723Z","alertId":"bf-08","action":"block","confidence":0.95,"reason":"rapid-login-failures"}
{"runAt":"2026-10-08T01:51:36.723Z","alertId":"bf-09","action":"block","confidence":0.95,"reason":"password-spraying"}
{"runAt":"2026-10-08T01:51:36.724Z","alertId":"bf-10","action":"block","confidence":0.95,"reason":"rapid-login-failures"}
{"runAt":"2026-10-08T01:51:36.724Z","alertId":"bf-11","action":"alert","confidence":0.5,"reason":"ambiguous-failures"}
{"runAt":"2026-10-08T01:51:36.724Z","alertId":"bf-12","action":"alert","confidence":0.5,"reason":"ambiguous-failures"}
{"runAt":"2026-10-08T01:51:36.725Z","alertId":"bf-13","action":"alert","confidence":0.5,"reason":"ambiguous-failures"}
{"runAt":"2026-10-08T01:51:36.725Z","alertId":"bf-14","action":"alert","confidence":0.5,"reason":"ambiguous-failures"}
{"runAt":"2026-10-08T01:51:36.726Z","alertId":"bf-15","action":"alert","confidence":0.5,"reason":"ambiguous-failures"}
{"runAt":"2026-10-08T01:51:36.726Z","alertId":"bf-16","action":"alert","confidence":0.5,"reason":"ambiguous-failures"}
{"runAt":"2026-10-08T01:51:36.726Z","alertId":"bf-17","action":"alert","confidence":0.5,"reason":"ambiguous-failures"}
{"runAt":"2026-10-08T01:51:36.727Z","alertId":"bf-18","action":"alert","confidence":0.5,"reason":"ambiguous-failures"}
{"runAt":"2026-10-08T01:51:36.727Z","alertId":"bf-19","action":"alert","confidence":0.5,"reason":"ambiguous-failures"}
